
----------Timeline--Start-------------
initial value:                 Nothing
since 2023-01-26 02:00:00 UTC: Just 100
since 2023-02-28 00:00:00 UTC: Nothing
----------Timeline--End---------------
