Here are 2 group(s) of overlapping records
--------------------
2023-03-01 00:00:00 UTC ~ Just 2023-03-05 00:00:00 UTC: 200
2023-03-03 00:00:00 UTC ~ Just 2023-03-04 00:00:00 UTC: 300
--------------------
2023-03-08 00:00:00 UTC ~ Just 2023-03-15 00:00:00 UTC: 500
2023-03-14 00:00:00 UTC ~ Nothing: 600
--------------------
