Here are 1 group(s) of overlapping records
--------------------
2023-01-26 02:00:00 UTC ~ Just 2023-02-28 00:00:00 UTC: 100
2023-02-27 00:00:00 UTC ~ Just 2023-03-05 00:00:00 UTC: 200
2023-03-01 00:00:00 UTC ~ Nothing: 300
--------------------
